! first come a few macro variables
u    u
EV   EV
WEV  WEV
EVA  EV_ALT
WEVA WEV_ALT
! then come the decomp summary variables
ALLR CNTalleffr	
ENDR CNTendwr	
TECR CNTtechr	
popr CNTpopr   					
TOTR CNTtotr	
CGDS CNTcgdsr	
DPAR CNTdpar
! then the allocative efficiency effects
AEFI CNTalleffir
QOR  CNTqor	
QFER CNTqfer	
QFMR CNTqfmr	
QFDR CNTqfdr	
QPMR CNTqpmr	
QPDR CNTqpdr	
QGMR CNTqgmr	
QGDR CNTqgdr	
QXSR CNTqxsr	
QIMR CNTqimr	
QOIR CNTqoir	
QFMI CNTqfmir	
QPMI CNTqpmir	
QGMI CNTqgmir	
QFDI CNTqfdir	
QPDI CNTqpdir	
QGDI CNTqgdir	
QFMJ CNTqfmijr	
QFDJ CNTqfdijr	
QXSS CNTqxsirs	
QIMS CNTqimisr	
QEIR CNTqfeir	
EIJR CNTqfeijr	
! now the endowment and depreciation effects
ENDI CNTendwir	
CKBR CNTkbr
! and the tech change effects
AOR  CNTtech_aor	
AFER CNTtech_afer	
AVAR CNTtech_avar	
AFR  CNTtech_afr	
ATR  CNTtech_atrr	
AMSR CNTtech_amsr	
AOIR CNTtech_aoir	
FEIJ CNTtech_afeijr	
AVJR CNTtech_avajr	
AFIJ CNTtech_afijr	
MIRS CNTtech_afmfdsd		
AMIR CNTtech_amsirs	
! and the terms of trade effects
C1IR c1_ir
C2IR c2_ir
C3IR c3_ir
pcgd pcgds
psav psave
! finally the volume changes
qo   qo
qxs  qxs
qds  qds
qfe  qfe
qfm  qfm
qfd  qfd
qpm  qpm
qpd  qpd
qgm  qgm
qgd  qgd


